error in  main loopdivision by zero
error in  main loopdivision by zero
error in  main loopdivision by zero
error in  main loopdivision by zero
